// Jest Snapshot v1, https://goo.gl/fbAQLP

exports[`html inline extensions should add an extension 1`] = `
"<p><icon></icon></p>
"
`;

exports[`html inline extensions should add an extension with a boolean property 1`] = `
"<p><checkbox checked></checkbox></p>
"
`;

exports[`html inline extensions should add an extension with a class 1`] = `
"<p><icon class=\\"my-class\\"></icon></p>
"
`;

exports[`html inline extensions should add an extension with a lone attribute 1`] = `
"<p><icon attr=\\"\\"></icon></p>
"
`;

exports[`html inline extensions should add an extension with a lone attribute with a default boolean value 1`] = `
"<p><icon highlight=\\"true\\"></icon></p>
"
`;

exports[`html inline extensions should add an extension with a lone attribute with a default value 1`] = `
"<p><icon attr=\\"default\\"></icon></p>
"
`;

exports[`html inline extensions should add an extension with a mapped argument 1`] = `
"<p><icon icon=\\"my-icon\\"></icon></p>
"
`;

exports[`html inline extensions should add an extension with a mapped content 1`] = `
"<p><icon tooltip=\\"my-tooltip\\"></icon></p>
"
`;

exports[`html inline extensions should add an extension with a quoted attribute 1`] = `
"<p><icon attr=\\"my attribute\\"></icon></p>
"
`;

exports[`html inline extensions should add an extension with a replaced tag 1`] = `
"<p><my-icon></my-icon></p>
"
`;

exports[`html inline extensions should add an extension with all types of parameters 1`] = `
"<p><icon attr3=\\"my attribute\\" attr2=\\"my-attr\\" class=\\"my-class\\" id=\\"my-id\\" attr=\\"default\\"></icon></p>
"
`;

exports[`html inline extensions should add an extension with an attribute 1`] = `
"<p><icon attr=\\"my-attr\\"></icon></p>
"
`;

exports[`html inline extensions should add an extension with an id 1`] = `
"<p><icon id=\\"my-id\\"></icon></p>
"
`;

exports[`html inline extensions should work with a different placeholder affix 1`] = `
"<p><icon icon=\\"my-icon\\"></icon></p>
"
`;

exports[`html inline extensions should work with an element with a mapped content on a child value 1`] = `
"<p><icon><p>my-content</p></icon></p>
"
`;

exports[`html inline extensions should work with an element with a mapped property on a child 1`] = `
"<p><icon><p id=\\"test\\"></p></icon></p>
"
`;

exports[`html inline extensions should work with an element with multiple children 1`] = `
"<p><icon><p>test</p></icon></p>
"
`;

exports[`html inline extensions should work with an element with multiple children on the same level 1`] = `
"<p><icon><p>test</p><span>bla</span></icon></p>
"
`;

exports[`html inline extensions should work with other markdown 1`] = `
"<p>#heading</p>
<p><icon></icon></p>
"
`;

exports[`html inline extensions should work with the example from README 1`] = `
"<h1>Alpha</h1>
<p><span class=\\"custom-alert\\" id=\\"my-alert\\"><i class=\\"fa fa-exclamation\\" aria-hidden=\\"true\\"></i><span>My message!</span><span class=\\"subtext\\">my subtext is rad</span></span></p>
<h2>Bravo</h2>
<h2>Delta</h2>
"
`;
