// Jest Snapshot v1, https://goo.gl/fbAQLP

exports[`should log a warning if there is an invalid property 1`] = `
"  1:1  [33mwarning[39m  There was some invalid properties: \\"/\\" was left after the processing of \\"/foo\\"

[33mâš [39m 1 warning"
`;

exports[`should log information if debug is enabled 1`] = `
"  1:1  [33mwarning[39m  Inline extension \`icon\` found  debug
  1:1  [33mwarning[39m  Full match: \\"!icon\\"            debug
  1:1  [33mwarning[39m  Content: \\"\\"                    debug
  1:1  [33mwarning[39m  Argument: \\"\\"                   debug
  1:1  [33mwarning[39m  Properties string: \\"\\"          debug
  1:1  [33mwarning[39m  Computed properties: {}        debug
  1:1  [33mwarning[39m  Hast output tree:
{
  \\"type\\": \\"inline-extension\\",
  \\"data\\": {
    \\"hName\\": \\"icon\\",
    \\"hChildren\\": [],
    \\"hProperties\\": {}
  }
}              debug

[33mâš [39m 7 warnings"
`;

exports[`should show a \`no issues found\` message 1`] = `"no issues found"`;
